Archive member included to satisfy reference by file (symbol)

c:/st/stm32cubeide_1.3.0/stm32cubeide/plugins/com.st.stm32cube.ide.mcu.externaltools.gnu-tools-for-stm32.7-2018-q2-update.win32_1.0.0.201904181610/tools/bin/../lib/gcc/arm-none-eabi/7.3.1/../../../../arm-none-eabi/lib/thumb/v7-m\libc_nano.a(lib_a-errno.o)
                              Core/Src/syscalls.o (__errno)
c:/st/stm32cubeide_1.3.0/stm32cubeide/plugins/com.st.stm32cube.ide.mcu.externaltools.gnu-tools-for-stm32.7-2018-q2-update.win32_1.0.0.201904181610/tools/bin/../lib/gcc/arm-none-eabi/7.3.1/../../../../arm-none-eabi/lib/thumb/v7-m\libc_nano.a(lib_a-exit.o)
                              c:/st/stm32cubeide_1.3.0/stm32cubeide/plugins/com.st.stm32cube.ide.mcu.externaltools.gnu-tools-for-stm32.7-2018-q2-update.win32_1.0.0.201904181610/tools/bin/../lib/gcc/arm-none-eabi/7.3.1/../../../../arm-none-eabi/lib/thumb/v7-m/crt0.o (exit)
c:/st/stm32cubeide_1.3.0/stm32cubeide/plugins/com.st.stm32cube.ide.mcu.externaltools.gnu-tools-for-stm32.7-2018-q2-update.win32_1.0.0.201904181610/tools/bin/../lib/gcc/arm-none-eabi/7.3.1/../../../../arm-none-eabi/lib/thumb/v7-m\libc_nano.a(lib_a-impure.o)
                              c:/st/stm32cubeide_1.3.0/stm32cubeide/plugins/com.st.stm32cube.ide.mcu.externaltools.gnu-tools-for-stm32.7-2018-q2-update.win32_1.0.0.201904181610/tools/bin/../lib/gcc/arm-none-eabi/7.3.1/../../../../arm-none-eabi/lib/thumb/v7-m\libc_nano.a(lib_a-exit.o) (_global_impure_ptr)
c:/st/stm32cubeide_1.3.0/stm32cubeide/plugins/com.st.stm32cube.ide.mcu.externaltools.gnu-tools-for-stm32.7-2018-q2-update.win32_1.0.0.201904181610/tools/bin/../lib/gcc/arm-none-eabi/7.3.1/../../../../arm-none-eabi/lib/thumb/v7-m\libc_nano.a(lib_a-init.o)
                              c:/st/stm32cubeide_1.3.0/stm32cubeide/plugins/com.st.stm32cube.ide.mcu.externaltools.gnu-tools-for-stm32.7-2018-q2-update.win32_1.0.0.201904181610/tools/bin/../lib/gcc/arm-none-eabi/7.3.1/../../../../arm-none-eabi/lib/thumb/v7-m/crt0.o (__libc_init_array)
c:/st/stm32cubeide_1.3.0/stm32cubeide/plugins/com.st.stm32cube.ide.mcu.externaltools.gnu-tools-for-stm32.7-2018-q2-update.win32_1.0.0.201904181610/tools/bin/../lib/gcc/arm-none-eabi/7.3.1/../../../../arm-none-eabi/lib/thumb/v7-m\libc_nano.a(lib_a-memset.o)
                              c:/st/stm32cubeide_1.3.0/stm32cubeide/plugins/com.st.stm32cube.ide.mcu.externaltools.gnu-tools-for-stm32.7-2018-q2-update.win32_1.0.0.201904181610/tools/bin/../lib/gcc/arm-none-eabi/7.3.1/../../../../arm-none-eabi/lib/thumb/v7-m/crt0.o (memset)

Allocating common symbols
Common symbol       size              file

able                0x1               Core/Src/adc.o
control             0x1               Core/Src/motor.o
huart3              0x40              Core/Src/usart.o
auto_down           0x4               Core/Src/motor.o
position            0x1               Core/Src/motor.o
uwTick              0x4               Drivers/STM32L1xx_HAL_Driver/Src/stm32l1xx_hal.o
pFlash              0x18              Drivers/STM32L1xx_HAL_Driver/Src/stm32l1xx_hal_flash.o
huart1              0x40              Core/Src/usart.o
auto_up             0x4               Core/Src/motor.o
data                0x1               Core/Src/adc.o
dir                 0x4               Core/Src/motor.o
huart2              0x40              Core/Src/usart.o
set_position        0x1               Core/Src/motor.o
hadc                0x54              Core/Src/adc.o
fotodetector_value  0x1               Core/Src/fotodetector.o

Discarded input sections

 .text          0x0000000000000000        0x0 c:/st/stm32cubeide_1.3.0/stm32cubeide/plugins/com.st.stm32cube.ide.mcu.externaltools.gnu-tools-for-stm32.7-2018-q2-update.win32_1.0.0.201904181610/tools/bin/../lib/gcc/arm-none-eabi/7.3.1/thumb/v7-m/crti.o
 .data          0x0000000000000000        0x0 c:/st/stm32cubeide_1.3.0/stm32cubeide/plugins/com.st.stm32cube.ide.mcu.externaltools.gnu-tools-for-stm32.7-2018-q2-update.win32_1.0.0.201904181610/tools/bin/../lib/gcc/arm-none-eabi/7.3.1/thumb/v7-m/crti.o
 .bss           0x0000000000000000        0x0 c:/st/stm32cubeide_1.3.0/stm32cubeide/plugins/com.st.stm32cube.ide.mcu.externaltools.gnu-tools-for-stm32.7-2018-q2-update.win32_1.0.0.201904181610/tools/bin/../lib/gcc/arm-none-eabi/7.3.1/thumb/v7-m/crti.o
 .data          0x0000000000000000        0x4 c:/st/stm32cubeide_1.3.0/stm32cubeide/plugins/com.st.stm32cube.ide.mcu.externaltools.gnu-tools-for-stm32.7-2018-q2-update.win32_1.0.0.201904181610/tools/bin/../lib/gcc/arm-none-eabi/7.3.1/thumb/v7-m/crtbegin.o
 .text          0x0000000000000000       0x74 c:/st/stm32cubeide_1.3.0/stm32cubeide/plugins/com.st.stm32cube.ide.mcu.externaltools.gnu-tools-for-stm32.7-2018-q2-update.win32_1.0.0.201904181610/tools/bin/../lib/gcc/arm-none-eabi/7.3.1/../../../../arm-none-eabi/lib/thumb/v7-m/crt0.o
[...]
Memory Configuration

Name             Origin             Length             Attributes
RAM              0x0000000020000000 0x0000000000014000 xrw
FLASH            0x0000000008000000 0x0000000000080000 xr
*default*        0x0000000000000000 0xffffffffffffffff

Linker script and memory map

LOAD c:/st/stm32cubeide_1.3.0/stm32cubeide/plugins/com.st.stm32cube.ide.mcu.externaltools.gnu-tools-for-stm32.7-2018-q2-update.win32_1.0.0.201904181610/tools/bin/../lib/gcc/arm-none-eabi/7.3.1/thumb/v7-m/crti.o
LOAD c:/st/stm32cubeide_1.3.0/stm32cubeide/plugins/com.st.stm32cube.ide.mcu.externaltools.gnu-tools-for-stm32.7-2018-q2-update.win32_1.0.0.201904181610/tools/bin/../lib/gcc/arm-none-eabi/7.3.1/thumb/v7-m/crtbegin.o
LOAD c:/st/stm32cubeide_1.3.0/stm32cubeide/plugins/com.st.stm32cube.ide.mcu.externaltools.gnu-tools-for-stm32.7-2018-q2-update.win32_1.0.0.201904181610/tools/bin/../lib/gcc/arm-none-eabi/7.3.1/../../../../arm-none-eabi/lib/thumb/v7-m/crt0.o
LOAD Core/Src/adc.o
LOAD Core/Src/fotodetector.o
LOAD Core/Src/gpio.o
LOAD Core/Src/main.o
LOAD Core/Src/motor.o
LOAD Core/Src/stm32l1xx_hal_msp.o
LOAD Core/Src/stm32l1xx_it.o
LOAD Core/Src/syscalls.o
LOAD Core/Src/sysmem.o
LOAD Core/Src/system_stm32l1xx.o
LOAD Core/Src/usart.o
LOAD Core/Startup/startup_stm32l152retx.o
LOAD Drivers/STM32L1xx_HAL_Driver/Src/stm32l1xx_hal.o
LOAD Drivers/STM32L1xx_HAL_Driver/Src/stm32l1xx_hal_adc.o
LOAD Drivers/STM32L1xx_HAL_Driver/Src/stm32l1xx_hal_adc_ex.o
LOAD Drivers/STM32L1xx_HAL_Driver/Src/stm32l1xx_hal_cortex.o
LOAD Drivers/STM32L1xx_HAL_Driver/Src/stm32l1xx_hal_dma.o
LOAD Drivers/STM32L1xx_HAL_Driver/Src/stm32l1xx_hal_flash.o
LOAD Drivers/STM32L1xx_HAL_Driver/Src/stm32l1xx_hal_flash_ex.o
LOAD Drivers/STM32L1xx_HAL_Driver/Src/stm32l1xx_hal_flash_ramfunc.o
LOAD Drivers/STM32L1xx_HAL_Driver/Src/stm32l1xx_hal_gpio.o
LOAD Drivers/STM32L1xx_HAL_Driver/Src/stm32l1xx_hal_pwr.o
LOAD Drivers/STM32L1xx_HAL_Driver/Src/stm32l1xx_hal_pwr_ex.o
LOAD Drivers/STM32L1xx_HAL_Driver/Src/stm32l1xx_hal_rcc.o
LOAD Drivers/STM32L1xx_HAL_Driver/Src/stm32l1xx_hal_rcc_ex.o
LOAD Drivers/STM32L1xx_HAL_Driver/Src/stm32l1xx_hal_tim.o
LOAD Drivers/STM32L1xx_HAL_Driver/Src/stm32l1xx_hal_tim_ex.o
LOAD Drivers/STM32L1xx_HAL_Driver/Src/stm32l1xx_hal_uart.o
START GROUP
LOAD c:/st/stm32cubeide_1.3.0/stm32cubeide/plugins/com.st.stm32cube.ide.mcu.externaltools.gnu-tools-for-stm32.7-2018-q2-update.win32_1.0.0.201904181610/tools/bin/../lib/gcc/arm-none-eabi/7.3.1/../../../../arm-none-eabi/lib/thumb/v7-m\libc_nano.a
LOAD c:/st/stm32cubeide_1.3.0/stm32cubeide/plugins/com.st.stm32cube.ide.mcu.externaltools.gnu-tools-for-stm32.7-2018-q2-update.win32_1.0.0.201904181610/tools/bin/../lib/gcc/arm-none-eabi/7.3.1/../../../../arm-none-eabi/lib/thumb/v7-m\libm.a
END GROUP
START GROUP
LOAD c:/st/stm32cubeide_1.3.0/stm32cubeide/plugins/com.st.stm32cube.ide.mcu.externaltools.gnu-tools-for-stm32.7-2018-q2-update.win32_1.0.0.201904181610/tools/bin/../lib/gcc/arm-none-eabi/7.3.1/thumb/v7-m\libgcc.a
LOAD c:/st/stm32cubeide_1.3.0/stm32cubeide/plugins/com.st.stm32cube.ide.mcu.externaltools.gnu-tools-for-stm32.7-2018-q2-update.win32_1.0.0.201904181610/tools/bin/../lib/gcc/arm-none-eabi/7.3.1/../../../../arm-none-eabi/lib/thumb/v7-m\libc_nano.a
END GROUP
START GROUP
LOAD c:/st/stm32cubeide_1.3.0/stm32cubeide/plugins/com.st.stm32cube.ide.mcu.externaltools.gnu-tools-for-stm32.7-2018-q2-update.win32_1.0.0.201904181610/tools/bin/../lib/gcc/arm-none-eabi/7.3.1/thumb/v7-m\libgcc.a
LOAD c:/st/stm32cubeide_1.3.0/stm32cubeide/plugins/com.st.stm32cube.ide.mcu.externaltools.gnu-tools-for-stm32.7-2018-q2-update.win32_1.0.0.201904181610/tools/bin/../lib/gcc/arm-none-eabi/7.3.1/../../../../arm-none-eabi/lib/thumb/v7-m\libc_nano.a
LOAD c:/st/stm32cubeide_1.3.0/stm32cubeide/plugins/com.st.stm32cube.ide.mcu.externaltools.gnu-tools-for-stm32.7-2018-q2-update.win32_1.0.0.201904181610/tools/bin/../lib/gcc/arm-none-eabi/7.3.1/../../../../arm-none-eabi/lib/thumb/v7-m\libnosys.a
END GROUP
START GROUP
LOAD c:/st/stm32cubeide_1.3.0/stm32cubeide/plugins/com.st.stm32cube.ide.mcu.externaltools.gnu-tools-for-stm32.7-2018-q2-update.win32_1.0.0.201904181610/tools/bin/../lib/gcc/arm-none-eabi/7.3.1/thumb/v7-m\libgcc.a
LOAD c:/st/stm32cubeide_1.3.0/stm32cubeide/plugins/com.st.stm32cube.ide.mcu.externaltools.gnu-tools-for-stm32.7-2018-q2-update.win32_1.0.0.201904181610/tools/bin/../lib/gcc/arm-none-eabi/7.3.1/../../../../arm-none-eabi/lib/thumb/v7-m\libc_nano.a
LOAD c:/st/stm32cubeide_1.3.0/stm32cubeide/plugins/com.st.stm32cube.ide.mcu.externaltools.gnu-tools-for-stm32.7-2018-q2-update.win32_1.0.0.201904181610/tools/bin/../lib/gcc/arm-none-eabi/7.3.1/../../../../arm-none-eabi/lib/thumb/v7-m\libnosys.a
END GROUP
LOAD c:/st/stm32cubeide_1.3.0/stm32cubeide/plugins/com.st.stm32cube.ide.mcu.externaltools.gnu-tools-for-stm32.7-2018-q2-update.win32_1.0.0.201904181610/tools/bin/../lib/gcc/arm-none-eabi/7.3.1/thumb/v7-m/crtend.o
LOAD c:/st/stm32cubeide_1.3.0/stm32cubeide/plugins/com.st.stm32cube.ide.mcu.externaltools.gnu-tools-for-stm32.7-2018-q2-update.win32_1.0.0.201904181610/tools/bin/../lib/gcc/arm-none-eabi/7.3.1/thumb/v7-m/crtn.o
                0x0000000020014000                _estack = (ORIGIN (RAM) + LENGTH (RAM))
                0x0000000000000200                _Min_Heap_Size = 0x200
                0x0000000000000400                _Min_Stack_Size = 0x400

.isr_vector     0x0000000008000000      0x13c
                0x0000000008000000                . = ALIGN (0x4)
 *(.isr_vector)
 .isr_vector    0x0000000008000000      0x13c Core/Startup/startup_stm32l152retx.o
                0x0000000008000000                g_pfnVectors
                0x000000000800013c                . = ALIGN (0x4)

.text           0x000000000800013c     0x3148
                0x000000000800013c                . = ALIGN (0x4)
 *(.text)
 .text          0x000000000800013c       0x40 c:/st/stm32cubeide_1.3.0/stm32cubeide/plugins/com.st.stm32cube.ide.mcu.externaltools.gnu-tools-for-stm32.7-2018-q2-update.win32_1.0.0.201904181610/tools/bin/../lib/gcc/arm-none-eabi/7.3.1/thumb/v7-m/crtbegin.o
 *(.text*)
 .text.MX_ADC_Init
                0x000000000800017c       0xb4 Core/Src/adc.o
                0x000000000800017c                MX_ADC_Init
 .text.HAL_ADC_MspInit
                0x0000000008000230       0x90 Core/Src/adc.o
                0x0000000008000230                HAL_ADC_MspInit
 .text.get_value_fotodetector
                0x00000000080002c0       0x34 Core/Src/fotodetector.o
                0x00000000080002c0                get_value_fotodetector
 .text.MX_GPIO_Init
                0x00000000080002f4      0x164 Core/Src/gpio.o
                0x00000000080002f4                MX_GPIO_Init
 .text.main     0x0000000008000458       0x60 Core/Src/main.o
                0x0000000008000458                main
 .text.SystemClock_Config
                0x00000000080004b8       0x9c Core/Src/main.o
                0x00000000080004b8                SystemClock_Config
 .text.HAL_UART_RxCpltCallback
                0x0000000008000554       0x6c Core/Src/main.o
                0x0000000008000554                HAL_UART_RxCpltCallback
 .text.Error_Handler
                0x00000000080005c0        0xc Core/Src/main.o
                0x00000000080005c0                Error_Handler
 .text.HAL_GPIO_EXTI_Callback
                0x00000000080005cc       0x80 Core/Src/motor.o
                0x00000000080005cc                HAL_GPIO_EXTI_Callback
 .text.new_data
                0x000000000800064c       0x9c Core/Src/motor.o
                0x000000000800064c                new_data
 .text.admin_pc
                0x00000000080006e8       0x44 Core/Src/motor.o
                0x00000000080006e8                admin_pc
 .text.move_motor
                0x000000000800072c       0xe4 Core/Src/motor.o
                0x000000000800072c                move_motor
 .text.home_up  0x0000000008000810       0x30 Core/Src/motor.o
                0x0000000008000810                home_up
 .text.home_down
                0x0000000008000840       0x30 Core/Src/motor.o
                0x0000000008000840                home_down
 .text.auto_fotodetector
                0x0000000008000870       0x4c Core/Src/motor.o
                0x0000000008000870                auto_fotodetector
 .text.HAL_MspInit
                0x00000000080008bc       0x60 Core/Src/stm32l1xx_hal_msp.o
                0x00000000080008bc                HAL_MspInit
 .text.NMI_Handler
                0x000000000800091c        0xc Core/Src/stm32l1xx_it.o
                0x000000000800091c                NMI_Handler
 .text.HardFault_Handler
                0x0000000008000928        0x6 Core/Src/stm32l1xx_it.o
                0x0000000008000928                HardFault_Handler
 .text.MemManage_Handler
                0x000000000800092e        0x6 Core/Src/stm32l1xx_it.o
                0x000000000800092e                MemManage_Handler
 .text.BusFault_Handler
                0x0000000008000934        0x6 Core/Src/stm32l1xx_it.o
                0x0000000008000934                BusFault_Handler
 .text.UsageFault_Handler
                0x000000000800093a        0x6 Core/Src/stm32l1xx_it.o
                0x000000000800093a                UsageFault_Handler
 .text.SVC_Handler
                0x0000000008000940        0xc Core/Src/stm32l1xx_it.o
                0x0000000008000940                SVC_Handler
 .text.DebugMon_Handler
                0x000000000800094c        0xc Core/Src/stm32l1xx_it.o
                0x000000000800094c                DebugMon_Handler
 .text.PendSV_Handler
                0x0000000008000958        0xc Core/Src/stm32l1xx_it.o
                0x0000000008000958                PendSV_Handler
 .text.SysTick_Handler
                0x0000000008000964        0xc Core/Src/stm32l1xx_it.o
                0x0000000008000964                SysTick_Handler
 .text.ADC1_IRQHandler
                0x0000000008000970       0x14 Core/Src/stm32l1xx_it.o
                0x0000000008000970                ADC1_IRQHandler
 .text.EXTI9_5_IRQHandler
                0x0000000008000984       0x16 Core/Src/stm32l1xx_it.o
                0x0000000008000984                EXTI9_5_IRQHandler
 *fill*         0x000000000800099a        0x2 
 .text.USART1_IRQHandler
                0x000000000800099c       0x14 Core/Src/stm32l1xx_it.o
                0x000000000800099c                USART1_IRQHandler
 .text.USART2_IRQHandler
                0x00000000080009b0       0x14 Core/Src/stm32l1xx_it.o
                0x00000000080009b0                USART2_IRQHandler
 .text.USART3_IRQHandler
                0x00000000080009c4       0x14 Core/Src/stm32l1xx_it.o
                0x00000000080009c4                USART3_IRQHandler
 .text.EXTI15_10_IRQHandler
                0x00000000080009d8       0x10 Core/Src/stm32l1xx_it.o
                0x00000000080009d8                EXTI15_10_IRQHandler
 .text.SystemInit
                0x00000000080009e8       0x68 Core/Src/system_stm32l1xx.o
                0x00000000080009e8                SystemInit
 .text.MX_USART1_UART_Init
                0x0000000008000a50       0x54 Core/Src/usart.o
                0x0000000008000a50                MX_USART1_UART_Init
 .text.MX_USART2_UART_Init
                0x0000000008000aa4       0x54 Core/Src/usart.o
                0x0000000008000aa4                MX_USART2_UART_Init
 .text.MX_USART3_UART_Init
                0x0000000008000af8       0x54 Core/Src/usart.o
                0x0000000008000af8                MX_USART3_UART_Init
 .text.HAL_UART_MspInit
                0x0000000008000b4c      0x180 Core/Src/usart.o
                0x0000000008000b4c                HAL_UART_MspInit
 .text.Reset_Handler
                0x0000000008000ccc       0x48 Core/Startup/startup_stm32l152retx.o
                0x0000000008000ccc                Reset_Handler
 .text.Default_Handler
                0x0000000008000d14        0x2 Core/Startup/startup_stm32l152retx.o
                0x0000000008000d14                RTC_Alarm_IRQHandler
                0x0000000008000d14                EXTI2_IRQHandler
                0x0000000008000d14                COMP_ACQ_IRQHandler
                0x0000000008000d14                TIM10_IRQHandler
                0x0000000008000d14                USB_HP_IRQHandler
                0x0000000008000d14                TIM6_IRQHandler
                0x0000000008000d14                PVD_IRQHandler
                0x0000000008000d14                EXTI3_IRQHandler
                0x0000000008000d14                EXTI0_IRQHandler
                0x0000000008000d14                I2C2_EV_IRQHandler
                0x0000000008000d14                SPI1_IRQHandler
                0x0000000008000d14                USB_FS_WKUP_IRQHandler
                0x0000000008000d14                DMA2_Channel2_IRQHandler
                0x0000000008000d14                DMA1_Channel4_IRQHandler
                0x0000000008000d14                DMA1_Channel7_IRQHandler
                0x0000000008000d14                LCD_IRQHandler
                0x0000000008000d14                UART5_IRQHandler
                0x0000000008000d14                TIM4_IRQHandler
                0x0000000008000d14                DMA2_Channel1_IRQHandler
                0x0000000008000d14                I2C1_EV_IRQHandler
                0x0000000008000d14                DMA1_Channel6_IRQHandler
                0x0000000008000d14                UART4_IRQHandler
                0x0000000008000d14                DMA2_Channel4_IRQHandler
                0x0000000008000d14                TIM3_IRQHandler
                0x0000000008000d14                RCC_IRQHandler
                0x0000000008000d14                DMA1_Channel1_IRQHandler
                0x0000000008000d14                Default_Handler
                0x0000000008000d14                TIM7_IRQHandler
                0x0000000008000d14                TIM5_IRQHandler
                0x0000000008000d14                TIM9_IRQHandler
                0x0000000008000d14                TAMPER_STAMP_IRQHandler
                0x0000000008000d14                RTC_WKUP_IRQHandler
                0x0000000008000d14                SPI2_IRQHandler
                0x0000000008000d14                DMA2_Channel5_IRQHandler
                0x0000000008000d14                DMA1_Channel5_IRQHandler
                0x0000000008000d14                USB_LP_IRQHandler
                0x0000000008000d14                EXTI4_IRQHandler
                0x0000000008000d14                DMA1_Channel3_IRQHandler
                0x0000000008000d14                COMP_IRQHandler
                0x0000000008000d14                WWDG_IRQHandler
                0x0000000008000d14                TIM2_IRQHandler
                0x0000000008000d14                DAC_IRQHandler
                0x0000000008000d14                EXTI1_IRQHandler
                0x0000000008000d14                TIM11_IRQHandler
                0x0000000008000d14                I2C2_ER_IRQHandler
                0x0000000008000d14                DMA1_Channel2_IRQHandler
                0x0000000008000d14                FLASH_IRQHandler
                0x0000000008000d14                SPI3_IRQHandler
                0x0000000008000d14                I2C1_ER_IRQHandler
                0x0000000008000d14                DMA2_Channel3_IRQHandler
 .text.HAL_Init
                0x0000000008000d16       0x30 Drivers/STM32L1xx_HAL_Driver/Src/stm32l1xx_hal.o
                0x0000000008000d16                HAL_Init
 *fill*         0x0000000008000d46        0x2 
 .text.HAL_InitTick
                0x0000000008000d48       0x74 Drivers/STM32L1xx_HAL_Driver/Src/stm32l1xx_hal.o
                0x0000000008000d48                HAL_InitTick
 .text.HAL_IncTick
                0x0000000008000dbc       0x24 Drivers/STM32L1xx_HAL_Driver/Src/stm32l1xx_hal.o
                0x0000000008000dbc                HAL_IncTick
 .text.HAL_GetTick
                0x0000000008000de0       0x14 Drivers/STM32L1xx_HAL_Driver/Src/stm32l1xx_hal.o
                0x0000000008000de0                HAL_GetTick
 .text.HAL_Delay
                0x0000000008000df4       0x44 Drivers/STM32L1xx_HAL_Driver/Src/stm32l1xx_hal.o
                0x0000000008000df4                HAL_Delay
 .text.HAL_ADC_Init
                0x0000000008000e38      0x28c Drivers/STM32L1xx_HAL_Driver/Src/stm32l1xx_hal_adc.o
                0x0000000008000e38                HAL_ADC_Init
 .text.HAL_ADC_Start
                0x00000000080010c4       0xc0 Drivers/STM32L1xx_HAL_Driver/Src/stm32l1xx_hal_adc.o
                0x00000000080010c4                HAL_ADC_Start
 .text.HAL_ADC_PollForConversion
                0x0000000008001184      0x112 Drivers/STM32L1xx_HAL_Driver/Src/stm32l1xx_hal_adc.o
                0x0000000008001184                HAL_ADC_PollForConversion
 .text.HAL_ADC_GetValue
                0x0000000008001296       0x18 Drivers/STM32L1xx_HAL_Driver/Src/stm32l1xx_hal_adc.o
                0x0000000008001296                HAL_ADC_GetValue
 .text.HAL_ADC_IRQHandler
                0x00000000080012ae      0x200 Drivers/STM32L1xx_HAL_Driver/Src/stm32l1xx_hal_adc.o
                0x00000000080012ae                HAL_ADC_IRQHandler
 .text.HAL_ADC_ConvCpltCallback
                0x00000000080014ae       0x12 Drivers/STM32L1xx_HAL_Driver/Src/stm32l1xx_hal_adc.o
                0x00000000080014ae                HAL_ADC_ConvCpltCallback
 .text.HAL_ADC_LevelOutOfWindowCallback
                0x00000000080014c0       0x12 Drivers/STM32L1xx_HAL_Driver/Src/stm32l1xx_hal_adc.o
                0x00000000080014c0                HAL_ADC_LevelOutOfWindowCallback
 .text.HAL_ADC_ErrorCallback
                0x00000000080014d2       0x12 Drivers/STM32L1xx_HAL_Driver/Src/stm32l1xx_hal_adc.o
                0x00000000080014d2                HAL_ADC_ErrorCallback
 .text.HAL_ADC_ConfigChannel
                0x00000000080014e4      0x2d8 Drivers/STM32L1xx_HAL_Driver/Src/stm32l1xx_hal_adc.o
                0x00000000080014e4                HAL_ADC_ConfigChannel
 .text.ADC_Enable
                0x00000000080017bc       0xac Drivers/STM32L1xx_HAL_Driver/Src/stm32l1xx_hal_adc.o
                0x00000000080017bc                ADC_Enable
 .text.HAL_ADCEx_InjectedConvCpltCallback
                0x0000000008001868       0x12 Drivers/STM32L1xx_HAL_Driver/Src/stm32l1xx_hal_adc_ex.o
                0x0000000008001868                HAL_ADCEx_InjectedConvCpltCallback
 *fill*         0x000000000800187a        0x2 
 .text.__NVIC_SetPriorityGrouping
                0x000000000800187c       0x48 Drivers/STM32L1xx_HAL_Driver/Src/stm32l1xx_hal_cortex.o
 .text.__NVIC_GetPriorityGrouping
                0x00000000080018c4       0x1c Drivers/STM32L1xx_HAL_Driver/Src/stm32l1xx_hal_cortex.o
 .text.__NVIC_EnableIRQ
                0x00000000080018e0       0x38 Drivers/STM32L1xx_HAL_Driver/Src/stm32l1xx_hal_cortex.o
 .text.__NVIC_SetPriority
                0x0000000008001918       0x54 Drivers/STM32L1xx_HAL_Driver/Src/stm32l1xx_hal_cortex.o
 .text.NVIC_EncodePriority
                0x000000000800196c       0x64 Drivers/STM32L1xx_HAL_Driver/Src/stm32l1xx_hal_cortex.o
 .text.SysTick_Config
                0x00000000080019d0       0x44 Drivers/STM32L1xx_HAL_Driver/Src/stm32l1xx_hal_cortex.o
 .text.HAL_NVIC_SetPriorityGrouping
                0x0000000008001a14       0x16 Drivers/STM32L1xx_HAL_Driver/Src/stm32l1xx_hal_cortex.o
                0x0000000008001a14                HAL_NVIC_SetPriorityGrouping
 .text.HAL_NVIC_SetPriority
                0x0000000008001a2a       0x38 Drivers/STM32L1xx_HAL_Driver/Src/stm32l1xx_hal_cortex.o
                0x0000000008001a2a                HAL_NVIC_SetPriority
 .text.HAL_NVIC_EnableIRQ
                0x0000000008001a62       0x1c Drivers/STM32L1xx_HAL_Driver/Src/stm32l1xx_hal_cortex.o
                0x0000000008001a62                HAL_NVIC_EnableIRQ
 .text.HAL_SYSTICK_Config
                0x0000000008001a7e       0x18 Drivers/STM32L1xx_HAL_Driver/Src/stm32l1xx_hal_cortex.o
                0x0000000008001a7e                HAL_SYSTICK_Config
 .text.HAL_DMA_Abort_IT
                0x0000000008001a96       0x82 Drivers/STM32L1xx_HAL_Driver/Src/stm32l1xx_hal_dma.o
                0x0000000008001a96                HAL_DMA_Abort_IT
 .text.HAL_GPIO_Init
                0x0000000008001b18      0x31c Drivers/STM32L1xx_HAL_Driver/Src/stm32l1xx_hal_gpio.o
                0x0000000008001b18                HAL_GPIO_Init
 .text.HAL_GPIO_WritePin
                0x0000000008001e34       0x30 Drivers/STM32L1xx_HAL_Driver/Src/stm32l1xx_hal_gpio.o
                0x0000000008001e34                HAL_GPIO_WritePin
 .text.HAL_GPIO_TogglePin
                0x0000000008001e64       0x32 Drivers/STM32L1xx_HAL_Driver/Src/stm32l1xx_hal_gpio.o
                0x0000000008001e64                HAL_GPIO_TogglePin
 *fill*         0x0000000008001e96        0x2 
 .text.HAL_GPIO_EXTI_IRQHandler
                0x0000000008001e98       0x30 Drivers/STM32L1xx_HAL_Driver/Src/stm32l1xx_hal_gpio.o
                0x0000000008001e98                HAL_GPIO_EXTI_IRQHandler
 .text.HAL_RCC_OscConfig
                0x0000000008001ec8      0x660 Drivers/STM32L1xx_HAL_Driver/Src/stm32l1xx_hal_rcc.o
                0x0000000008001ec8                HAL_RCC_OscConfig
 .text.HAL_RCC_ClockConfig
                0x0000000008002528      0x268 Drivers/STM32L1xx_HAL_Driver/Src/stm32l1xx_hal_rcc.o
                0x0000000008002528                HAL_RCC_ClockConfig
 .text.HAL_RCC_GetSysClockFreq
                0x0000000008002790       0xb0 Drivers/STM32L1xx_HAL_Driver/Src/stm32l1xx_hal_rcc.o
                0x0000000008002790                HAL_RCC_GetSysClockFreq
 .text.HAL_RCC_GetHCLKFreq
                0x0000000008002840       0x14 Drivers/STM32L1xx_HAL_Driver/Src/stm32l1xx_hal_rcc.o
                0x0000000008002840                HAL_RCC_GetHCLKFreq
 .text.HAL_RCC_GetPCLK1Freq
                0x0000000008002854       0x28 Drivers/STM32L1xx_HAL_Driver/Src/stm32l1xx_hal_rcc.o
                0x0000000008002854                HAL_RCC_GetPCLK1Freq
 .text.HAL_RCC_GetPCLK2Freq
                0x000000000800287c       0x28 Drivers/STM32L1xx_HAL_Driver/Src/stm32l1xx_hal_rcc.o
                0x000000000800287c                HAL_RCC_GetPCLK2Freq
 .text.RCC_SetFlashLatencyFromMSIRange
                0x00000000080028a4       0xc0 Drivers/STM32L1xx_HAL_Driver/Src/stm32l1xx_hal_rcc.o
 .text.HAL_UART_Init
                0x0000000008002964       0x9a Drivers/STM32L1xx_HAL_Driver/Src/stm32l1xx_hal_uart.o
                0x0000000008002964                HAL_UART_Init
 .text.HAL_UART_Receive_IT
                0x00000000080029fe       0xa8 Drivers/STM32L1xx_HAL_Driver/Src/stm32l1xx_hal_uart.o
                0x00000000080029fe                HAL_UART_Receive_IT
 *fill*         0x0000000008002aa6        0x2 
 .text.HAL_UART_IRQHandler
                0x0000000008002aa8      0x1f8 Drivers/STM32L1xx_HAL_Driver/Src/stm32l1xx_hal_uart.o
                0x0000000008002aa8                HAL_UART_IRQHandler
 .text.HAL_UART_TxCpltCallback
                0x0000000008002ca0       0x12 Drivers/STM32L1xx_HAL_Driver/Src/stm32l1xx_hal_uart.o
                0x0000000008002ca0                HAL_UART_TxCpltCallback
 .text.HAL_UART_ErrorCallback
                0x0000000008002cb2       0x12 Drivers/STM32L1xx_HAL_Driver/Src/stm32l1xx_hal_uart.o
                0x0000000008002cb2                HAL_UART_ErrorCallback
 .text.UART_EndRxTransfer
                0x0000000008002cc4       0x3a Drivers/STM32L1xx_HAL_Driver/Src/stm32l1xx_hal_uart.o
 .text.UART_DMAAbortOnError
                0x0000000008002cfe       0x28 Drivers/STM32L1xx_HAL_Driver/Src/stm32l1xx_hal_uart.o
 .text.UART_Transmit_IT
                0x0000000008002d26       0xaa Drivers/STM32L1xx_HAL_Driver/Src/stm32l1xx_hal_uart.o
 .text.UART_EndTransmit_IT
                0x0000000008002dd0       0x30 Drivers/STM32L1xx_HAL_Driver/Src/stm32l1xx_hal_uart.o
 .text.UART_Receive_IT
                0x0000000008002e00      0x102 Drivers/STM32L1xx_HAL_Driver/Src/stm32l1xx_hal_uart.o
 *fill*         0x0000000008002f02        0x2 
 .text.UART_SetConfig
                0x0000000008002f04      0x310 Drivers/STM32L1xx_HAL_Driver/Src/stm32l1xx_hal_uart.o
 .text.__libc_init_array
                0x0000000008003214       0x48 c:/st/stm32cubeide_1.3.0/stm32cubeide/plugins/com.st.stm32cube.ide.mcu.externaltools.gnu-tools-for-stm32.7-2018-q2-update.win32_1.0.0.201904181610/tools/bin/../lib/gcc/arm-none-eabi/7.3.1/../../../../arm-none-eabi/lib/thumb/v7-m\libc_nano.a(lib_a-init.o)
                0x0000000008003214                __libc_init_array
 .text.memset   0x000000000800325c       0x10 c:/st/stm32cubeide_1.3.0/stm32cubeide/plugins/com.st.stm32cube.ide.mcu.externaltools.gnu-tools-for-stm32.7-2018-q2-update.win32_1.0.0.201904181610/tools/bin/../lib/gcc/arm-none-eabi/7.3.1/../../../../arm-none-eabi/lib/thumb/v7-m\libc_nano.a(lib_a-memset.o)
                0x000000000800325c                memset
 *(.glue_7)
 .glue_7        0x000000000800326c        0x0 linker stubs
 *(.glue_7t)
 .glue_7t       0x000000000800326c        0x0 linker stubs
 *(.eh_frame)
 .eh_frame      0x000000000800326c        0x0 c:/st/stm32cubeide_1.3.0/stm32cubeide/plugins/com.st.stm32cube.ide.mcu.externaltools.gnu-tools-for-stm32.7-2018-q2-update.win32_1.0.0.201904181610/tools/bin/../lib/gcc/arm-none-eabi/7.3.1/thumb/v7-m/crtbegin.o
 *(.init)
 .init          0x000000000800326c        0x4 c:/st/stm32cubeide_1.3.0/stm32cubeide/plugins/com.st.stm32cube.ide.mcu.externaltools.gnu-tools-for-stm32.7-2018-q2-update.win32_1.0.0.201904181610/tools/bin/../lib/gcc/arm-none-eabi/7.3.1/thumb/v7-m/crti.o
                0x000000000800326c                _init
 .init          0x0000000008003270        0x8 c:/st/stm32cubeide_1.3.0/stm32cubeide/plugins/com.st.stm32cube.ide.mcu.externaltools.gnu-tools-for-stm32.7-2018-q2-update.win32_1.0.0.201904181610/tools/bin/../lib/gcc/arm-none-eabi/7.3.1/thumb/v7-m/crtn.o
 *(.fini)
 .fini          0x0000000008003278        0x4 c:/st/stm32cubeide_1.3.0/stm32cubeide/plugins/com.st.stm32cube.ide.mcu.externaltools.gnu-tools-for-stm32.7-2018-q2-update.win32_1.0.0.201904181610/tools/bin/../lib/gcc/arm-none-eabi/7.3.1/thumb/v7-m/crti.o
                0x0000000008003278                _fini
 .fini          0x000000000800327c        0x8 c:/st/stm32cubeide_1.3.0/stm32cubeide/plugins/com.st.stm32cube.ide.mcu.externaltools.gnu-tools-for-stm32.7-2018-q2-update.win32_1.0.0.201904181610/tools/bin/../lib/gcc/arm-none-eabi/7.3.1/thumb/v7-m/crtn.o
                0x0000000008003284                . = ALIGN (0x4)
                0x0000000008003284                _etext = .

.vfp11_veneer   0x0000000008003284        0x0
 .vfp11_veneer  0x0000000008003284        0x0 linker stubs

.v4_bx          0x0000000008003284        0x0
 .v4_bx         0x0000000008003284        0x0 linker stubs

.iplt           0x0000000008003284        0x0
 .iplt          0x0000000008003284        0x0 c:/st/stm32cubeide_1.3.0/stm32cubeide/plugins/com.st.stm32cube.ide.mcu.externaltools.gnu-tools-for-stm32.7-2018-q2-update.win32_1.0.0.201904181610/tools/bin/../lib/gcc/arm-none-eabi/7.3.1/thumb/v7-m/crtbegin.o

.rodata         0x0000000008003284       0x24
                0x0000000008003284                . = ALIGN (0x4)
 *(.rodata)
 *(.rodata*)
 .rodata.PLLMulTable
                0x0000000008003284        0x9 Core/Src/system_stm32l1xx.o
                0x0000000008003284                PLLMulTable
 *fill*         0x000000000800328d        0x3 
 .rodata.AHBPrescTable
                0x0000000008003290       0x10 Core/Src/system_stm32l1xx.o
                0x0000000008003290                AHBPrescTable
 .rodata.APBPrescTable
                0x00000000080032a0        0x8 Core/Src/system_stm32l1xx.o
                0x00000000080032a0                APBPrescTable
                0x00000000080032a8                . = ALIGN (0x4)

.rel.dyn        0x00000000080032a8        0x0
 .rel.iplt      0x00000000080032a8        0x0 c:/st/stm32cubeide_1.3.0/stm32cubeide/plugins/com.st.stm32cube.ide.mcu.externaltools.gnu-tools-for-stm32.7-2018-q2-update.win32_1.0.0.201904181610/tools/bin/../lib/gcc/arm-none-eabi/7.3.1/thumb/v7-m/crtbegin.o

.ARM.extab      0x00000000080032a8        0x0
                0x00000000080032a8                . = ALIGN (0x4)
 *(.ARM.extab* .gnu.linkonce.armextab.*)
                0x00000000080032a8                . = ALIGN (0x4)

.ARM            0x00000000080032a8        0x0
                0x00000000080032a8                . = ALIGN (0x4)
                0x00000000080032a8                __exidx_start = .
 *(.ARM.exidx*)
                0x00000000080032a8                __exidx_end = .
                0x00000000080032a8                . = ALIGN (0x4)

.preinit_array  0x00000000080032a8        0x0
                0x00000000080032a8                . = ALIGN (0x4)
                0x00000000080032a8                PROVIDE (__preinit_array_start = .)
 *(.preinit_array*)
                0x00000000080032a8                PROVIDE (__preinit_array_end = .)
                0x00000000080032a8                . = ALIGN (0x4)

.init_array     0x00000000080032a8        0x4
                0x00000000080032a8                . = ALIGN (0x4)
                0x00000000080032a8                PROVIDE (__init_array_start = .)
 *(SORT_BY_NAME(.init_array.*))
 *(.init_array*)
 .init_array    0x00000000080032a8        0x4 c:/st/stm32cubeide_1.3.0/stm32cubeide/plugins/com.st.stm32cube.ide.mcu.externaltools.gnu-tools-for-stm32.7-2018-q2-update.win32_1.0.0.201904181610/tools/bin/../lib/gcc/arm-none-eabi/7.3.1/thumb/v7-m/crtbegin.o
                0x00000000080032ac                PROVIDE (__init_array_end = .)
                0x00000000080032ac                . = ALIGN (0x4)

.fini_array     0x00000000080032ac        0x4
                0x00000000080032ac                . = ALIGN (0x4)
                [!provide]                        PROVIDE (__fini_array_start = .)
 *(SORT_BY_NAME(.fini_array.*))
 *(.fini_array*)
 .fini_array    0x00000000080032ac        0x4 c:/st/stm32cubeide_1.3.0/stm32cubeide/plugins/com.st.stm32cube.ide.mcu.externaltools.gnu-tools-for-stm32.7-2018-q2-update.win32_1.0.0.201904181610/tools/bin/../lib/gcc/arm-none-eabi/7.3.1/thumb/v7-m/crtbegin.o
                [!provide]                        PROVIDE (__fini_array_end = .)
                0x00000000080032b0                . = ALIGN (0x4)
                0x00000000080032b0                _sidata = LOADADDR (.data)

.data           0x0000000020000000       0x10 load address 0x00000000080032b0
                0x0000000020000000                . = ALIGN (0x4)
                0x0000000020000000                _sdata = .
 *(.data)
 *(.data*)
 .data.admin    0x0000000020000000        0x1 Core/Src/motor.o
                0x0000000020000000                admin
 *fill*         0x0000000020000001        0x3 
 .data.SystemCoreClock
                0x0000000020000004        0x4 Core/Src/system_stm32l1xx.o
                0x0000000020000004                SystemCoreClock
 .data.uwTickPrio
                0x0000000020000008        0x4 Drivers/STM32L1xx_HAL_Driver/Src/stm32l1xx_hal.o
                0x0000000020000008                uwTickPrio
 .data.uwTickFreq
                0x000000002000000c        0x4 Drivers/STM32L1xx_HAL_Driver/Src/stm32l1xx_hal.o
                0x000000002000000c                uwTickFreq
                0x0000000020000010                . = ALIGN (0x4)
                0x0000000020000010                _edata = .

.igot.plt       0x0000000020000010        0x0 load address 0x00000000080032c0
 .igot.plt      0x0000000020000010        0x0 c:/st/stm32cubeide_1.3.0/stm32cubeide/plugins/com.st.stm32cube.ide.mcu.externaltools.gnu-tools-for-stm32.7-2018-q2-update.win32_1.0.0.201904181610/tools/bin/../lib/gcc/arm-none-eabi/7.3.1/thumb/v7-m/crtbegin.o
                0x0000000020000010                . = ALIGN (0x4)

.bss            0x0000000020000010      0x158 load address 0x00000000080032c0
                0x0000000020000010                _sbss = .
                0x0000000020000010                __bss_start__ = _sbss
 *(.bss)
 .bss           0x0000000020000010       0x1c c:/st/stm32cubeide_1.3.0/stm32cubeide/plugins/com.st.stm32cube.ide.mcu.externaltools.gnu-tools-for-stm32.7-2018-q2-update.win32_1.0.0.201904181610/tools/bin/../lib/gcc/arm-none-eabi/7.3.1/thumb/v7-m/crtbegin.o
 *(.bss*)
 .bss.count_position
                0x000000002000002c        0x4 Core/Src/motor.o
                0x000000002000002c                count_position
 *(COMMON)
 COMMON         0x0000000020000030       0x58 Core/Src/adc.o
                0x0000000020000030                able
                0x0000000020000031                data
                0x0000000020000034                hadc
 COMMON         0x0000000020000088        0x1 Core/Src/fotodetector.o
                0x0000000020000088                fotodetector_value
 *fill*         0x0000000020000089        0x3 
 COMMON         0x000000002000008c       0x15 Core/Src/motor.o
                0x000000002000008c                control
                0x0000000020000090                auto_down
                0x0000000020000094                position
                0x0000000020000098                auto_up
                0x000000002000009c                dir
                0x00000000200000a0                set_position
 *fill*         0x00000000200000a1        0x3 
 COMMON         0x00000000200000a4       0xc0 Core/Src/usart.o
                0x00000000200000a4                huart3
                0x00000000200000e4                huart1
                0x0000000020000124                huart2
 COMMON         0x0000000020000164        0x4 Drivers/STM32L1xx_HAL_Driver/Src/stm32l1xx_hal.o
                0x0000000020000164                uwTick
                0x0000000020000168                . = ALIGN (0x4)
                0x0000000020000168                _ebss = .
                0x0000000020000168                __bss_end__ = _ebss

._user_heap_stack
                0x0000000020000168      0x600 load address 0x00000000080032c0
                0x0000000020000168                . = ALIGN (0x8)
                0x0000000020000168                PROVIDE (end = .)
                [!provide]                        PROVIDE (_end = .)
                0x0000000020000368                . = (. + _Min_Heap_Size)
 *fill*         0x0000000020000168      0x200 
                0x0000000020000768                . = (. + _Min_Stack_Size)
 *fill*         0x0000000020000368      0x400 
                0x0000000020000768                . = ALIGN (0x8)

/DISCARD/
 libc.a(*)
 libm.a(*)
 libgcc.a(*)

.ARM.attributes
                0x0000000000000000       0x29
 *(.ARM.attributes)
 .ARM.attributes
                0x0000000000000000       0x1d c:/st/stm32cubeide_1.3.0/stm32cubeide/plugins/com.st.stm32cube.ide.mcu.externaltools.gnu-tools-for-stm32.7-2018-q2-update.win32_1.0.0.201904181610/tools/bin/../lib/gcc/arm-none-eabi/7.3.1/thumb/v7-m/crti.o
 .ARM.attributes
                0x000000000000001d       0x2d c:/st/stm32cubeide_1.3.0/stm32cubeide/plugins/com.st.stm32cube.ide.mcu.externaltools.gnu-tools-for-stm32.7-2018-q2-update.win32_1.0.0.201904181610/tools/bin/../lib/gcc/arm-none-eabi/7.3.1/thumb/v7-m/crtbegin.o
 .ARM.attributes
                0x000000000000004a       0x33 Core/Src/adc.o
 .ARM.attributes
                0x000000000000007d       0x33 Core/Src/fotodetector.o
 .ARM.attributes
                0x00000000000000b0       0x33 Core/Src/gpio.o
 .ARM.attributes
                0x00000000000000e3       0x33 Core/Src/main.o
 .ARM.attributes
                0x0000000000000116       0x33 Core/Src/motor.o
 .ARM.attributes
                0x0000000000000149       0x33 Core/Src/stm32l1xx_hal_msp.o
 .ARM.attributes
                0x000000000000017c       0x33 Core/Src/stm32l1xx_it.o
 .ARM.attributes
                0x00000000000001af       0x33 Core/Src/system_stm32l1xx.o
 .ARM.attributes
                0x00000000000001e2       0x33 Core/Src/usart.o
 .ARM.attributes
                0x0000000000000215       0x21 Core/Startup/startup_stm32l152retx.o
 .ARM.attributes
                0x0000000000000236       0x33 Drivers/STM32L1xx_HAL_Driver/Src/stm32l1xx_hal.o
 .ARM.attributes
                0x0000000000000269       0x33 Drivers/STM32L1xx_HAL_Driver/Src/stm32l1xx_hal_adc.o
 .ARM.attributes
                0x000000000000029c       0x33 Drivers/STM32L1xx_HAL_Driver/Src/stm32l1xx_hal_adc_ex.o
 .ARM.attributes
                0x00000000000002cf       0x33 Drivers/STM32L1xx_HAL_Driver/Src/stm32l1xx_hal_cortex.o
 .ARM.attributes
                0x0000000000000302       0x33 Drivers/STM32L1xx_HAL_Driver/Src/stm32l1xx_hal_dma.o
 .ARM.attributes
                0x0000000000000335       0x33 Drivers/STM32L1xx_HAL_Driver/Src/stm32l1xx_hal_gpio.o
 .ARM.attributes
                0x0000000000000368       0x33 Drivers/STM32L1xx_HAL_Driver/Src/stm32l1xx_hal_rcc.o
 .ARM.attributes
                0x000000000000039b       0x33 Drivers/STM32L1xx_HAL_Driver/Src/stm32l1xx_hal_uart.o
 .ARM.attributes
                0x00000000000003ce       0x2d c:/st/stm32cubeide_1.3.0/stm32cubeide/plugins/com.st.stm32cube.ide.mcu.externaltools.gnu-tools-for-stm32.7-2018-q2-update.win32_1.0.0.201904181610/tools/bin/../lib/gcc/arm-none-eabi/7.3.1/../../../../arm-none-eabi/lib/thumb/v7-m\libc_nano.a(lib_a-init.o)
 .ARM.attributes
                0x00000000000003fb       0x2d c:/st/stm32cubeide_1.3.0/stm32cubeide/plugins/com.st.stm32cube.ide.mcu.externaltools.gnu-tools-for-stm32.7-2018-q2-update.win32_1.0.0.201904181610/tools/bin/../lib/gcc/arm-none-eabi/7.3.1/../../../../arm-none-eabi/lib/thumb/v7-m\libc_nano.a(lib_a-memset.o)
 .ARM.attributes
                0x0000000000000428       0x1d c:/st/stm32cubeide_1.3.0/stm32cubeide/plugins/com.st.stm32cube.ide.mcu.externaltools.gnu-tools-for-stm32.7-2018-q2-update.win32_1.0.0.201904181610/tools/bin/../lib/gcc/arm-none-eabi/7.3.1/thumb/v7-m/crtn.o
OUTPUT(Project.elf elf32-littlearm)

.debug_info     0x0000000000000000     0x989b
 .debug_info    0x0000000000000000      0xab7 Core/Src/adc.o
 .debug_info    0x0000000000000ab7      0x883 Core/Src/fotodetector.o
 .debug_info    0x000000000000133a      0x597 Core/Src/gpio.o
 .debug_info    0x00000000000018d1      0xad2 Core/Src/main.o
 .debug_info    0x00000000000023a3      0x3a9 Core/Src/motor.o
 .debug_info    0x000000000000274c      0x2b2 Core/Src/stm32l1xx_hal_msp.o
 .debug_info    0x00000000000029fe      0x95e Core/Src/stm32l1xx_it.o
 .debug_info    0x000000000000335c      0x473 Core/Src/system_stm32l1xx.o
 .debug_info    0x00000000000037cf      0xa97 Core/Src/usart.o
 .debug_info    0x0000000000004266       0x22 Core/Startup/startup_stm32l152retx.o
 .debug_info    0x0000000000004288      0x71c Drivers/STM32L1xx_HAL_Driver/Src/stm32l1xx_hal.o
 .debug_info    0x00000000000049a4      0xec7 Drivers/STM32L1xx_HAL_Driver/Src/stm32l1xx_hal_adc.o
 .debug_info    0x000000000000586b      0x95a Drivers/STM32L1xx_HAL_Driver/Src/stm32l1xx_hal_adc_ex.o
 .debug_info    0x00000000000061c5      0xd84 Drivers/STM32L1xx_HAL_Driver/Src/stm32l1xx_hal_cortex.o
 .debug_info    0x0000000000006f49      0x798 Drivers/STM32L1xx_HAL_Driver/Src/stm32l1xx_hal_dma.o
 .debug_info    0x00000000000076e1      0x69d Drivers/STM32L1xx_HAL_Driver/Src/stm32l1xx_hal_gpio.o
 .debug_info    0x0000000000007d7e      0x939 Drivers/STM32L1xx_HAL_Driver/Src/stm32l1xx_hal_rcc.o
 .debug_info    0x00000000000086b7     0x11e4 Drivers/STM32L1xx_HAL_Driver/Src/stm32l1xx_hal_uart.o

.debug_abbrev   0x0000000000000000     0x1eec
 .debug_abbrev  0x0000000000000000      0x1b3 Core/Src/adc.o
 .debug_abbrev  0x00000000000001b3      0x151 Core/Src/fotodetector.o
 .debug_abbrev  0x0000000000000304      0x14e Core/Src/gpio.o
 .debug_abbrev  0x0000000000000452      0x1e0 Core/Src/main.o
 .debug_abbrev  0x0000000000000632      0x186 Core/Src/motor.o
 .debug_abbrev  0x00000000000007b8      0x100 Core/Src/stm32l1xx_hal_msp.o
 .debug_abbrev  0x00000000000008b8      0x181 Core/Src/stm32l1xx_it.o
 .debug_abbrev  0x0000000000000a39      0x111 Core/Src/system_stm32l1xx.o
 .debug_abbrev  0x0000000000000b4a      0x1b3 Core/Src/usart.o
 .debug_abbrev  0x0000000000000cfd       0x12 Core/Startup/startup_stm32l152retx.o
 .debug_abbrev  0x0000000000000d0f      0x21b Drivers/STM32L1xx_HAL_Driver/Src/stm32l1xx_hal.o
 .debug_abbrev  0x0000000000000f2a      0x244 Drivers/STM32L1xx_HAL_Driver/Src/stm32l1xx_hal_adc.o
 .debug_abbrev  0x000000000000116e      0x230 Drivers/STM32L1xx_HAL_Driver/Src/stm32l1xx_hal_adc_ex.o
 .debug_abbrev  0x000000000000139e      0x2fa Drivers/STM32L1xx_HAL_Driver/Src/stm32l1xx_hal_cortex.o
 .debug_abbrev  0x0000000000001698      0x1f5 Drivers/STM32L1xx_HAL_Driver/Src/stm32l1xx_hal_dma.o
 .debug_abbrev  0x000000000000188d      0x1c9 Drivers/STM32L1xx_HAL_Driver/Src/stm32l1xx_hal_gpio.o
 .debug_abbrev  0x0000000000001a56      0x254 Drivers/STM32L1xx_HAL_Driver/Src/stm32l1xx_hal_rcc.o
 .debug_abbrev  0x0000000000001caa      0x242 Drivers/STM32L1xx_HAL_Driver/Src/stm32l1xx_hal_uart.o

.debug_aranges  0x0000000000000000      0x8b0
 .debug_aranges
                0x0000000000000000       0x30 Core/Src/adc.o
 .debug_aranges
                0x0000000000000030       0x20 Core/Src/fotodetector.o
 .debug_aranges
                0x0000000000000050       0x20 Core/Src/gpio.o
 .debug_aranges
                0x0000000000000070       0x38 Core/Src/main.o
 .debug_aranges
                0x00000000000000a8       0x50 Core/Src/motor.o
 .debug_aranges
                0x00000000000000f8       0x20 Core/Src/stm32l1xx_hal_msp.o
 .debug_aranges
                0x0000000000000118       0x90 Core/Src/stm32l1xx_it.o
 .debug_aranges
                0x00000000000001a8       0x28 Core/Src/system_stm32l1xx.o
 .debug_aranges
                0x00000000000001d0       0x40 Core/Src/usart.o
 .debug_aranges
                0x0000000000000210       0x28 Core/Startup/startup_stm32l152retx.o
 .debug_aranges
                0x0000000000000238       0xe0 Drivers/STM32L1xx_HAL_Driver/Src/stm32l1xx_hal.o
 .debug_aranges
                0x0000000000000318       0xf0 Drivers/STM32L1xx_HAL_Driver/Src/stm32l1xx_hal_adc.o
 .debug_aranges
                0x0000000000000408       0x58 Drivers/STM32L1xx_HAL_Driver/Src/stm32l1xx_hal_adc_ex.o
 .debug_aranges
                0x0000000000000460      0x118 Drivers/STM32L1xx_HAL_Driver/Src/stm32l1xx_hal_cortex.o
 .debug_aranges
                0x0000000000000578       0x80 Drivers/STM32L1xx_HAL_Driver/Src/stm32l1xx_hal_dma.o
 .debug_aranges
                0x00000000000005f8       0x58 Drivers/STM32L1xx_HAL_Driver/Src/stm32l1xx_hal_gpio.o
 .debug_aranges
                0x0000000000000650       0x90 Drivers/STM32L1xx_HAL_Driver/Src/stm32l1xx_hal_rcc.o
 .debug_aranges
                0x00000000000006e0      0x1d0 Drivers/STM32L1xx_HAL_Driver/Src/stm32l1xx_hal_uart.o

.debug_ranges   0x0000000000000000      0x798
 .debug_ranges  0x0000000000000000       0x20 Core/Src/adc.o
 .debug_ranges  0x0000000000000020       0x10 Core/Src/fotodetector.o
 .debug_ranges  0x0000000000000030       0x10 Core/Src/gpio.o
 .debug_ranges  0x0000000000000040       0x28 Core/Src/main.o
 .debug_ranges  0x0000000000000068       0x40 Core/Src/motor.o
 .debug_ranges  0x00000000000000a8       0x10 Core/Src/stm32l1xx_hal_msp.o
 .debug_ranges  0x00000000000000b8       0x80 Core/Src/stm32l1xx_it.o
 .debug_ranges  0x0000000000000138       0x18 Core/Src/system_stm32l1xx.o
 .debug_ranges  0x0000000000000150       0x30 Core/Src/usart.o
 .debug_ranges  0x0000000000000180       0x20 Core/Startup/startup_stm32l152retx.o
 .debug_ranges  0x00000000000001a0       0xd0 Drivers/STM32L1xx_HAL_Driver/Src/stm32l1xx_hal.o
 .debug_ranges  0x0000000000000270       0xe0 Drivers/STM32L1xx_HAL_Driver/Src/stm32l1xx_hal_adc.o
 .debug_ranges  0x0000000000000350       0x48 Drivers/STM32L1xx_HAL_Driver/Src/stm32l1xx_hal_adc_ex.o
 .debug_ranges  0x0000000000000398      0x108 Drivers/STM32L1xx_HAL_Driver/Src/stm32l1xx_hal_cortex.o
 .debug_ranges  0x00000000000004a0       0x70 Drivers/STM32L1xx_HAL_Driver/Src/stm32l1xx_hal_dma.o
 .debug_ranges  0x0000000000000510       0x48 Drivers/STM32L1xx_HAL_Driver/Src/stm32l1xx_hal_gpio.o
 .debug_ranges  0x0000000000000558       0x80 Drivers/STM32L1xx_HAL_Driver/Src/stm32l1xx_hal_rcc.o
 .debug_ranges  0x00000000000005d8      0x1c0 Drivers/STM32L1xx_HAL_Driver/Src/stm32l1xx_hal_uart.o

.debug_macro    0x0000000000000000    0x16354
 .debug_macro   0x0000000000000000      0x1be Core/Src/adc.o
 .debug_macro   0x00000000000001be      0xa5a Core/Src/adc.o
 .debug_macro   0x0000000000000c18      0x10c Core/Src/adc.o
 .debug_macro   0x0000000000000d24       0x2e Core/Src/adc.o
 .debug_macro   0x0000000000000d52       0x22 Core/Src/adc.o
 .debug_macro   0x0000000000000d74       0x22 Core/Src/adc.o
 .debug_macro   0x0000000000000d96       0x8e Core/Src/adc.o
 .debug_macro   0x0000000000000e24       0x51 Core/Src/adc.o
 .debug_macro   0x0000000000000e75       0xef Core/Src/adc.o
 .debug_macro   0x0000000000000f64       0x6a Core/Src/adc.o
 .debug_macro   0x0000000000000fce      0x1df Core/Src/adc.o
 .debug_macro   0x00000000000011ad       0x1c Core/Src/adc.o
 .debug_macro   0x00000000000011c9       0x22 Core/Src/adc.o
 .debug_macro   0x00000000000011eb       0xc3 Core/Src/adc.o
 .debug_macro   0x00000000000012ae      0xe49 Core/Src/adc.o
 .debug_macro   0x00000000000020f7      0x11f Core/Src/adc.o
 .debug_macro   0x0000000000002216     0xbec4 Core/Src/adc.o
 .debug_macro   0x000000000000e0da       0x43 Core/Src/adc.o
 .debug_macro   0x000000000000e11d     0x3468 Core/Src/adc.o
 .debug_macro   0x0000000000011585      0x174 Core/Src/adc.o
 .debug_macro   0x00000000000116f9       0x5b Core/Src/adc.o
 .debug_macro   0x0000000000011754      0xe38 Core/Src/adc.o
 .debug_macro   0x000000000001258c      0x35b Core/Src/adc.o
 .debug_macro   0x00000000000128e7      0x13b Core/Src/adc.o
 .debug_macro   0x0000000000012a22       0xc5 Core/Src/adc.o
 .debug_macro   0x0000000000012ae7      0x21e Core/Src/adc.o
 .debug_macro   0x0000000000012d05      0x236 Core/Src/adc.o
 .debug_macro   0x0000000000012f3b      0x685 Core/Src/adc.o
 .debug_macro   0x00000000000135c0      0x16c Core/Src/adc.o
 .debug_macro   0x000000000001372c      0x10e Core/Src/adc.o
 .debug_macro   0x000000000001383a      0x567 Core/Src/adc.o
 .debug_macro   0x0000000000013da1      0x1e9 Core/Src/adc.o
 .debug_macro   0x0000000000013f8a       0x22 Core/Src/adc.o
 .debug_macro   0x0000000000013fac      0x287 Core/Src/adc.o
 .debug_macro   0x0000000000014233      0x492 Core/Src/adc.o
 .debug_macro   0x00000000000146c5       0xb2 Core/Src/adc.o
 .debug_macro   0x0000000000014777      0x1cc Core/Src/fotodetector.o
 .debug_macro   0x0000000000014943      0x1be Core/Src/gpio.o
 .debug_macro   0x0000000000014b01      0x1d6 Core/Src/main.o
 .debug_macro   0x0000000000014cd7      0x1b8 Core/Src/motor.o
 .debug_macro   0x0000000000014e8f      0x1b4 Core/Src/stm32l1xx_hal_msp.o
 .debug_macro   0x0000000000015043      0x1be Core/Src/stm32l1xx_it.o
 .debug_macro   0x0000000000015201      0x1ab Core/Src/system_stm32l1xx.o
 .debug_macro   0x00000000000153ac      0x1be Core/Src/usart.o
 .debug_macro   0x000000000001556a      0x1c9 Drivers/STM32L1xx_HAL_Driver/Src/stm32l1xx_hal.o
 .debug_macro   0x0000000000015733      0x1c2 Drivers/STM32L1xx_HAL_Driver/Src/stm32l1xx_hal_adc.o
 .debug_macro   0x00000000000158f5      0x1db Drivers/STM32L1xx_HAL_Driver/Src/stm32l1xx_hal_adc_ex.o
 .debug_macro   0x0000000000015ad0      0x1a5 Drivers/STM32L1xx_HAL_Driver/Src/stm32l1xx_hal_cortex.o
 .debug_macro   0x0000000000015c75      0x1a5 Drivers/STM32L1xx_HAL_Driver/Src/stm32l1xx_hal_dma.o
 .debug_macro   0x0000000000015e1a      0x1dd Drivers/STM32L1xx_HAL_Driver/Src/stm32l1xx_hal_gpio.o
 .debug_macro   0x0000000000015ff7      0x1b7 Drivers/STM32L1xx_HAL_Driver/Src/stm32l1xx_hal_rcc.o
 .debug_macro   0x00000000000161ae      0x1a6 Drivers/STM32L1xx_HAL_Driver/Src/stm32l1xx_hal_uart.o

.debug_line     0x0000000000000000     0x8f08
 .debug_line    0x0000000000000000      0x6ce Core/Src/adc.o
 .debug_line    0x00000000000006ce      0x6b1 Core/Src/fotodetector.o
 .debug_line    0x0000000000000d7f      0x6ac Core/Src/gpio.o
 .debug_line    0x000000000000142b      0x704 Core/Src/main.o
 .debug_line    0x0000000000001b2f      0x74f Core/Src/motor.o
 .debug_line    0x000000000000227e      0x691 Core/Src/stm32l1xx_hal_msp.o
 .debug_line    0x000000000000290f      0x7a0 Core/Src/stm32l1xx_it.o
 .debug_line    0x00000000000030af      0x6b6 Core/Src/system_stm32l1xx.o
 .debug_line    0x0000000000003765      0x72d Core/Src/usart.o
 .debug_line    0x0000000000003e92       0x84 Core/Startup/startup_stm32l152retx.o
 .debug_line    0x0000000000003f16      0x86b Drivers/STM32L1xx_HAL_Driver/Src/stm32l1xx_hal.o
 .debug_line    0x0000000000004781      0xb28 Drivers/STM32L1xx_HAL_Driver/Src/stm32l1xx_hal_adc.o
 .debug_line    0x00000000000052a9      0x8ab Drivers/STM32L1xx_HAL_Driver/Src/stm32l1xx_hal_adc_ex.o
 .debug_line    0x0000000000005b54      0x9b6 Drivers/STM32L1xx_HAL_Driver/Src/stm32l1xx_hal_cortex.o
 .debug_line    0x000000000000650a      0x89e Drivers/STM32L1xx_HAL_Driver/Src/stm32l1xx_hal_dma.o
 .debug_line    0x0000000000006da8      0x849 Drivers/STM32L1xx_HAL_Driver/Src/stm32l1xx_hal_gpio.o
 .debug_line    0x00000000000075f1      0x994 Drivers/STM32L1xx_HAL_Driver/Src/stm32l1xx_hal_rcc.o
 .debug_line    0x0000000000007f85      0xf83 Drivers/STM32L1xx_HAL_Driver/Src/stm32l1xx_hal_uart.o

.debug_str      0x0000000000000000    0x89d21
 .debug_str     0x0000000000000000    0x87bc5 Core/Src/adc.o
                                      0x87f18 (size before relaxing)
 .debug_str     0x0000000000087bc5      0x202 Core/Src/fotodetector.o
                                      0x87c53 (size before relaxing)
 .debug_str     0x0000000000087dc7       0x46 Core/Src/gpio.o
                                      0x87af9 (size before relaxing)
 .debug_str     0x0000000000087e0d      0x1c5 Core/Src/main.o
                                      0x87e1a (size before relaxing)
 .debug_str     0x0000000000087fd2       0x8c Core/Src/motor.o
                                      0x8778f (size before relaxing)
 .debug_str     0x000000000008805e       0x2c Core/Src/stm32l1xx_hal_msp.o
                                      0x87701 (size before relaxing)
 .debug_str     0x000000000008808a      0x12b Core/Src/stm32l1xx_it.o
                                      0x87d25 (size before relaxing)
 .debug_str     0x00000000000881b5       0xd5 Core/Src/system_stm32l1xx.o
                                      0x874f4 (size before relaxing)
 .debug_str     0x000000000008828a       0x7f Core/Src/usart.o
                                      0x87efa (size before relaxing)
 .debug_str     0x0000000000088309       0x70 Core/Startup/startup_stm32l152retx.o
 .debug_str     0x0000000000088379      0x2e8 Drivers/STM32L1xx_HAL_Driver/Src/stm32l1xx_hal.o
                                      0x87b66 (size before relaxing)
 .debug_str     0x0000000000088661      0x33c Drivers/STM32L1xx_HAL_Driver/Src/stm32l1xx_hal_adc.o
                                      0x87be2 (size before relaxing)
 .debug_str     0x000000000008899d      0x3f2 Drivers/STM32L1xx_HAL_Driver/Src/stm32l1xx_hal_adc_ex.o
                                      0x87c18 (size before relaxing)
 .debug_str     0x0000000000088d8f      0x3ba Drivers/STM32L1xx_HAL_Driver/Src/stm32l1xx_hal_cortex.o
                                      0x87ca5 (size before relaxing)
 .debug_str     0x0000000000089149      0x252 Drivers/STM32L1xx_HAL_Driver/Src/stm32l1xx_hal_dma.o
                                      0x87843 (size before relaxing)
 .debug_str     0x000000000008939b      0x1e6 Drivers/STM32L1xx_HAL_Driver/Src/stm32l1xx_hal_gpio.o
                                      0x87718 (size before relaxing)
 .debug_str     0x0000000000089581      0x29c Drivers/STM32L1xx_HAL_Driver/Src/stm32l1xx_hal_rcc.o
                                      0x878f6 (size before relaxing)
 .debug_str     0x000000000008981d      0x504 Drivers/STM32L1xx_HAL_Driver/Src/stm32l1xx_hal_uart.o
                                      0x87d3d (size before relaxing)

.comment        0x0000000000000000       0x7b
 .comment       0x0000000000000000       0x7b Core/Src/adc.o
                                         0x7c (size before relaxing)
 .comment       0x000000000000007b       0x7c Core/Src/fotodetector.o
 .comment       0x000000000000007b       0x7c Core/Src/gpio.o
 .comment       0x000000000000007b       0x7c Core/Src/main.o
 .comment       0x000000000000007b       0x7c Core/Src/motor.o
 .comment       0x000000000000007b       0x7c Core/Src/stm32l1xx_hal_msp.o
 .comment       0x000000000000007b       0x7c Core/Src/stm32l1xx_it.o
 .comment       0x000000000000007b       0x7c Core/Src/system_stm32l1xx.o
 .comment       0x000000000000007b       0x7c Core/Src/usart.o
 .comment       0x000000000000007b       0x7c Drivers/STM32L1xx_HAL_Driver/Src/stm32l1xx_hal.o
 .comment       0x000000000000007b       0x7c Drivers/STM32L1xx_HAL_Driver/Src/stm32l1xx_hal_adc.o
 .comment       0x000000000000007b       0x7c Drivers/STM32L1xx_HAL_Driver/Src/stm32l1xx_hal_adc_ex.o
 .comment       0x000000000000007b       0x7c Drivers/STM32L1xx_HAL_Driver/Src/stm32l1xx_hal_cortex.o
 .comment       0x000000000000007b       0x7c Drivers/STM32L1xx_HAL_Driver/Src/stm32l1xx_hal_dma.o
 .comment       0x000000000000007b       0x7c Drivers/STM32L1xx_HAL_Driver/Src/stm32l1xx_hal_gpio.o
 .comment       0x000000000000007b       0x7c Drivers/STM32L1xx_HAL_Driver/Src/stm32l1xx_hal_rcc.o
 .comment       0x000000000000007b       0x7c Drivers/STM32L1xx_HAL_Driver/Src/stm32l1xx_hal_uart.o

.debug_frame    0x0000000000000000     0x2070
 .debug_frame   0x0000000000000000       0x7c Core/Src/adc.o
 .debug_frame   0x000000000000007c       0x2c Core/Src/fotodetector.o
 .debug_frame   0x00000000000000a8       0x34 Core/Src/gpio.o
 .debug_frame   0x00000000000000dc       0x94 Core/Src/main.o
 .debug_frame   0x0000000000000170      0x104 Core/Src/motor.o
 .debug_frame   0x0000000000000274       0x34 Core/Src/stm32l1xx_hal_msp.o
 .debug_frame   0x00000000000002a8      0x1b4 Core/Src/stm32l1xx_it.o
 .debug_frame   0x000000000000045c       0x58 Core/Src/system_stm32l1xx.o
 .debug_frame   0x00000000000004b4       0xac Core/Src/usart.o
 .debug_frame   0x0000000000000560      0x33c Drivers/STM32L1xx_HAL_Driver/Src/stm32l1xx_hal.o
 .debug_frame   0x000000000000089c      0x40c Drivers/STM32L1xx_HAL_Driver/Src/stm32l1xx_hal_adc.o
 .debug_frame   0x0000000000000ca8      0x140 Drivers/STM32L1xx_HAL_Driver/Src/stm32l1xx_hal_adc_ex.o
 .debug_frame   0x0000000000000de8      0x498 Drivers/STM32L1xx_HAL_Driver/Src/stm32l1xx_hal_cortex.o
 .debug_frame   0x0000000000001280      0x204 Drivers/STM32L1xx_HAL_Driver/Src/stm32l1xx_hal_dma.o
 .debug_frame   0x0000000000001484      0x14c Drivers/STM32L1xx_HAL_Driver/Src/stm32l1xx_hal_gpio.o
 .debug_frame   0x00000000000015d0      0x21c Drivers/STM32L1xx_HAL_Driver/Src/stm32l1xx_hal_rcc.o
 .debug_frame   0x00000000000017ec      0x838 Drivers/STM32L1xx_HAL_Driver/Src/stm32l1xx_hal_uart.o
 .debug_frame   0x0000000000002024       0x2c c:/st/stm32cubeide_1.3.0/stm32cubeide/plugins/com.st.stm32cube.ide.mcu.externaltools.gnu-tools-for-stm32.7-2018-q2-update.win32_1.0.0.201904181610/tools/bin/../lib/gcc/arm-none-eabi/7.3.1/../../../../arm-none-eabi/lib/thumb/v7-m\libc_nano.a(lib_a-init.o)
 .debug_frame   0x0000000000002050       0x20 c:/st/stm32cubeide_1.3.0/stm32cubeide/plugins/com.st.stm32cube.ide.mcu.externaltools.gnu-tools-for-stm32.7-2018-q2-update.win32_1.0.0.201904181610/tools/bin/../lib/gcc/arm-none-eabi/7.3.1/../../../../arm-none-eabi/lib/thumb/v7-m\libc_nano.a(lib_a-memset.o)
